// Jest Snapshot v1, https://goo.gl/fbAQLP

exports[`mapForecast should map the forecast 1`] = `
[
  {
    "precipitation": 0,
    "temperature": 8.8,
    "timeFrom": "2025-03-27T11:00:00Z",
    "weatherSymbol": "cloudy",
    "wind": 4.7,
  },
  {
    "precipitation": 0,
    "temperature": 8,
    "timeFrom": "2025-03-27T12:00:00Z",
    "weatherSymbol": "cloudy",
    "wind": 4.8,
  },
  {
    "precipitation": 0,
    "temperature": 8,
    "timeFrom": "2025-03-27T13:00:00Z",
    "weatherSymbol": "cloudy",
    "wind": 4.4,
  },
  {
    "precipitation": 0,
    "temperature": 8.4,
    "timeFrom": "2025-03-27T14:00:00Z",
    "weatherSymbol": "cloudy",
    "wind": 4.1,
  },
  {
    "precipitation": 0,
    "temperature": 8.7,
    "timeFrom": "2025-03-27T15:00:00Z",
    "weatherSymbol": "cloudy",
    "wind": 4,
  },
  {
    "precipitation": 0,
    "temperature": 9,
    "timeFrom": "2025-03-27T16:00:00Z",
    "weatherSymbol": "cloudy",
    "wind": 4.6,
  },
  {
    "precipitation": 0,
    "temperature": 8.5,
    "timeFrom": "2025-03-27T17:00:00Z",
    "weatherSymbol": "cloudy",
    "wind": 4.9,
  },
  {
    "precipitation": 0,
    "temperature": 8.4,
    "timeFrom": "2025-03-27T18:00:00Z",
    "weatherSymbol": "cloudy",
    "wind": 4.3,
  },
  {
    "precipitation": 0,
    "temperature": 8.3,
    "timeFrom": "2025-03-27T19:00:00Z",
    "weatherSymbol": "cloudy",
    "wind": 4.2,
  },
  {
    "precipitation": 0,
    "temperature": 8.1,
    "timeFrom": "2025-03-27T20:00:00Z",
    "weatherSymbol": "cloudy",
    "wind": 4.5,
  },
  {
    "precipitation": 0,
    "temperature": 8,
    "timeFrom": "2025-03-27T21:00:00Z",
    "weatherSymbol": "cloudy",
    "wind": 4.7,
  },
  {
    "precipitation": 0,
    "temperature": 8,
    "timeFrom": "2025-03-27T22:00:00Z",
    "weatherSymbol": "cloudy",
    "wind": 4.6,
  },
  {
    "precipitation": 0,
    "temperature": 7.9,
    "timeFrom": "2025-03-27T23:00:00Z",
    "weatherSymbol": "cloudy",
    "wind": 4.5,
  },
  {
    "precipitation": 0,
    "temperature": 7.8,
    "timeFrom": "2025-03-28T00:00:00Z",
    "weatherSymbol": "cloudy",
    "wind": 4.5,
  },
  {
    "precipitation": 0,
    "temperature": 7.8,
    "timeFrom": "2025-03-28T01:00:00Z",
    "weatherSymbol": "cloudy",
    "wind": 4.3,
  },
  {
    "precipitation": 0,
    "temperature": 7.8,
    "timeFrom": "2025-03-28T02:00:00Z",
    "weatherSymbol": "cloudy",
    "wind": 4.2,
  },
  {
    "precipitation": 0,
    "temperature": 7.7,
    "timeFrom": "2025-03-28T03:00:00Z",
    "weatherSymbol": "cloudy",
    "wind": 4.2,
  },
  {
    "precipitation": 0,
    "temperature": 7.5,
    "timeFrom": "2025-03-28T04:00:00Z",
    "weatherSymbol": "cloudy",
    "wind": 4.5,
  },
  {
    "precipitation": 0,
    "temperature": 7.7,
    "timeFrom": "2025-03-28T05:00:00Z",
    "weatherSymbol": "cloudy",
    "wind": 4.6,
  },
  {
    "precipitation": 0,
    "temperature": 8,
    "timeFrom": "2025-03-28T06:00:00Z",
    "weatherSymbol": "cloudy",
    "wind": 5,
  },
  {
    "precipitation": 0,
    "temperature": 8.2,
    "timeFrom": "2025-03-28T07:00:00Z",
    "weatherSymbol": "cloudy",
    "wind": 5.3,
  },
  {
    "precipitation": 0,
    "temperature": 8.7,
    "timeFrom": "2025-03-28T08:00:00Z",
    "weatherSymbol": "cloudy",
    "wind": 5.1,
  },
  {
    "precipitation": 0,
    "temperature": 9.6,
    "timeFrom": "2025-03-28T09:00:00Z",
    "weatherSymbol": "cloudy",
    "wind": 4.6,
  },
  {
    "precipitation": 0,
    "temperature": 10.1,
    "timeFrom": "2025-03-28T10:00:00Z",
    "weatherSymbol": "cloudy",
    "wind": 4.6,
  },
  {
    "precipitation": 0,
    "temperature": 11.2,
    "timeFrom": "2025-03-28T11:00:00Z",
    "weatherSymbol": "cloudy",
    "wind": 4.5,
  },
  {
    "precipitation": 0,
    "temperature": 12.5,
    "timeFrom": "2025-03-28T12:00:00Z",
    "weatherSymbol": "partlycloudy_day",
    "wind": 4.5,
  },
  {
    "precipitation": 0,
    "temperature": 13.4,
    "timeFrom": "2025-03-28T13:00:00Z",
    "weatherSymbol": "partlycloudy_day",
    "wind": 4.5,
  },
  {
    "precipitation": 0,
    "temperature": 13.8,
    "timeFrom": "2025-03-28T14:00:00Z",
    "weatherSymbol": "partlycloudy_day",
    "wind": 4.5,
  },
  {
    "precipitation": 0,
    "temperature": 13.7,
    "timeFrom": "2025-03-28T15:00:00Z",
    "weatherSymbol": "partlycloudy_day",
    "wind": 4.3,
  },
  {
    "precipitation": 0,
    "temperature": 13.1,
    "timeFrom": "2025-03-28T16:00:00Z",
    "weatherSymbol": "partlycloudy_day",
    "wind": 3.9,
  },
  {
    "precipitation": 0,
    "temperature": 11.5,
    "timeFrom": "2025-03-28T17:00:00Z",
    "weatherSymbol": "clearsky_night",
    "wind": 3.6,
  },
  {
    "precipitation": 0,
    "temperature": 9.9,
    "timeFrom": "2025-03-28T18:00:00Z",
    "weatherSymbol": "clearsky_night",
    "wind": 3.5,
  },
  {
    "precipitation": 0,
    "temperature": 9.2,
    "timeFrom": "2025-03-28T19:00:00Z",
    "weatherSymbol": "clearsky_night",
    "wind": 3.7,
  },
  {
    "precipitation": 0,
    "temperature": 8.9,
    "timeFrom": "2025-03-28T20:00:00Z",
    "weatherSymbol": "clearsky_night",
    "wind": 4,
  },
  {
    "precipitation": 0,
    "temperature": 8.4,
    "timeFrom": "2025-03-28T21:00:00Z",
    "weatherSymbol": "fair_night",
    "wind": 3.9,
  },
  {
    "precipitation": 0,
    "temperature": 8,
    "timeFrom": "2025-03-28T22:00:00Z",
    "weatherSymbol": "partlycloudy_night",
    "wind": 3.8,
  },
  {
    "precipitation": 0,
    "temperature": 8,
    "timeFrom": "2025-03-28T23:00:00Z",
    "weatherSymbol": "partlycloudy_night",
    "wind": 3.2,
  },
  {
    "precipitation": 0,
    "temperature": 7.5,
    "timeFrom": "2025-03-29T00:00:00Z",
    "weatherSymbol": "clearsky_night",
    "wind": 3.4,
  },
  {
    "precipitation": 0,
    "temperature": 7.2,
    "timeFrom": "2025-03-29T01:00:00Z",
    "weatherSymbol": "clearsky_night",
    "wind": 3.4,
  },
  {
    "precipitation": 0,
    "temperature": 7,
    "timeFrom": "2025-03-29T02:00:00Z",
    "weatherSymbol": "clearsky_night",
    "wind": 3.3,
  },
  {
    "precipitation": 0,
    "temperature": 6.8,
    "timeFrom": "2025-03-29T03:00:00Z",
    "weatherSymbol": "clearsky_night",
    "wind": 3.3,
  },
  {
    "precipitation": 0,
    "temperature": 6.7,
    "timeFrom": "2025-03-29T04:00:00Z",
    "weatherSymbol": "clearsky_day",
    "wind": 3.3,
  },
  {
    "precipitation": 0,
    "temperature": 6.6,
    "timeFrom": "2025-03-29T05:00:00Z",
    "weatherSymbol": "clearsky_day",
    "wind": 3.2,
  },
  {
    "precipitation": 0,
    "temperature": 7,
    "timeFrom": "2025-03-29T06:00:00Z",
    "weatherSymbol": "fair_day",
    "wind": 3.2,
  },
  {
    "precipitation": 0,
    "temperature": 8.1,
    "timeFrom": "2025-03-29T07:00:00Z",
    "weatherSymbol": "partlycloudy_day",
    "wind": 3.4,
  },
  {
    "precipitation": 0,
    "temperature": 8.9,
    "timeFrom": "2025-03-29T08:00:00Z",
    "weatherSymbol": "partlycloudy_day",
    "wind": 3,
  },
  {
    "precipitation": 0,
    "temperature": 9.7,
    "timeFrom": "2025-03-29T09:00:00Z",
    "weatherSymbol": "cloudy",
    "wind": 3.5,
  },
  {
    "precipitation": 0,
    "temperature": 10.3,
    "timeFrom": "2025-03-29T10:00:00Z",
    "weatherSymbol": "cloudy",
    "wind": 3.4,
  },
  {
    "precipitation": 0,
    "temperature": 11.5,
    "timeFrom": "2025-03-29T11:00:00Z",
    "weatherSymbol": "cloudy",
    "wind": 3.8,
  },
  {
    "precipitation": 0,
    "temperature": 12.3,
    "timeFrom": "2025-03-29T12:00:00Z",
    "weatherSymbol": "cloudy",
    "wind": 3.7,
  },
  {
    "precipitation": 0,
    "temperature": 12.6,
    "timeFrom": "2025-03-29T13:00:00Z",
    "weatherSymbol": "cloudy",
    "wind": 3.3,
  },
  {
    "precipitation": 0,
    "temperature": 13.1,
    "timeFrom": "2025-03-29T14:00:00Z",
    "weatherSymbol": "cloudy",
    "wind": 3.3,
  },
  {
    "precipitation": 0,
    "temperature": 12.9,
    "timeFrom": "2025-03-29T15:00:00Z",
    "weatherSymbol": "cloudy",
    "wind": 3.2,
  },
  {
    "precipitation": 0,
    "temperature": 12.3,
    "timeFrom": "2025-03-29T16:00:00Z",
    "weatherSymbol": "cloudy",
    "wind": 3.2,
  },
  {
    "precipitation": 0,
    "temperature": 11.3,
    "timeFrom": "2025-03-29T17:00:00Z",
    "weatherSymbol": "cloudy",
    "wind": 3.2,
  },
  {
    "precipitation": 0,
    "temperature": 10.1,
    "timeFrom": "2025-03-29T18:00:00Z",
    "timeTo": "2025-03-30T00:00:00Z",
    "weatherSymbol": "cloudy",
    "wind": 3.4,
  },
  {
    "precipitation": 0,
    "temperature": 7.1,
    "timeFrom": "2025-03-30T00:00:00Z",
    "timeTo": "2025-03-30T06:00:00Z",
    "weatherSymbol": "clearsky_night",
    "wind": 2.6,
  },
  {
    "precipitation": 0,
    "temperature": 4.2,
    "timeFrom": "2025-03-30T06:00:00Z",
    "timeTo": "2025-03-30T12:00:00Z",
    "weatherSymbol": "cloudy",
    "wind": 2.5,
  },
  {
    "precipitation": 0,
    "temperature": 8.8,
    "timeFrom": "2025-03-30T12:00:00Z",
    "timeTo": "2025-03-30T18:00:00Z",
    "weatherSymbol": "cloudy",
    "wind": 2.9,
  },
  {
    "precipitation": 0,
    "temperature": 7.2,
    "timeFrom": "2025-03-30T18:00:00Z",
    "timeTo": "2025-03-31T00:00:00Z",
    "weatherSymbol": "cloudy",
    "wind": 1.6,
  },
  {
    "precipitation": 0,
    "temperature": 5.2,
    "timeFrom": "2025-03-31T00:00:00Z",
    "timeTo": "2025-03-31T06:00:00Z",
    "weatherSymbol": "cloudy",
    "wind": 2.1,
  },
  {
    "precipitation": 0,
    "temperature": 3.8,
    "timeFrom": "2025-03-31T06:00:00Z",
    "timeTo": "2025-03-31T12:00:00Z",
    "weatherSymbol": "cloudy",
    "wind": 2.9,
  },
  {
    "precipitation": 0,
    "temperature": 9.3,
    "timeFrom": "2025-03-31T12:00:00Z",
    "timeTo": "2025-03-31T18:00:00Z",
    "weatherSymbol": "cloudy",
    "wind": 4,
  },
  {
    "precipitation": 0,
    "temperature": 8,
    "timeFrom": "2025-03-31T18:00:00Z",
    "timeTo": "2025-04-01T00:00:00Z",
    "weatherSymbol": "partlycloudy_night",
    "wind": 2.3,
  },
  {
    "precipitation": 0,
    "temperature": 5.5,
    "timeFrom": "2025-04-01T00:00:00Z",
    "timeTo": "2025-04-01T06:00:00Z",
    "weatherSymbol": "fair_night",
    "wind": 2.8,
  },
  {
    "precipitation": 0,
    "temperature": 4.8,
    "timeFrom": "2025-04-01T06:00:00Z",
    "timeTo": "2025-04-01T12:00:00Z",
    "weatherSymbol": "fair_day",
    "wind": 3.1,
  },
  {
    "precipitation": 0,
    "temperature": 13.1,
    "timeFrom": "2025-04-01T12:00:00Z",
    "timeTo": "2025-04-01T18:00:00Z",
    "weatherSymbol": "partlycloudy_day",
    "wind": 4.1,
  },
  {
    "precipitation": 0,
    "temperature": 11.2,
    "timeFrom": "2025-04-01T18:00:00Z",
    "timeTo": "2025-04-02T00:00:00Z",
    "weatherSymbol": "fair_night",
    "wind": 3,
  },
  {
    "precipitation": 0,
    "temperature": 8.2,
    "timeFrom": "2025-04-02T00:00:00Z",
    "timeTo": "2025-04-02T06:00:00Z",
    "weatherSymbol": "fair_night",
    "wind": 3.1,
  },
  {
    "precipitation": 0,
    "temperature": 6,
    "timeFrom": "2025-04-02T06:00:00Z",
    "timeTo": "2025-04-02T12:00:00Z",
    "weatherSymbol": "fair_day",
    "wind": 2.9,
  },
  {
    "precipitation": 0,
    "temperature": 13.2,
    "timeFrom": "2025-04-02T12:00:00Z",
    "timeTo": "2025-04-02T18:00:00Z",
    "weatherSymbol": "partlycloudy_day",
    "wind": 3.7,
  },
  {
    "precipitation": 0,
    "temperature": 11.1,
    "timeFrom": "2025-04-02T18:00:00Z",
    "timeTo": "2025-04-03T00:00:00Z",
    "weatherSymbol": "partlycloudy_night",
    "wind": 2.1,
  },
  {
    "precipitation": 0,
    "temperature": 7.7,
    "timeFrom": "2025-04-03T00:00:00Z",
    "timeTo": "2025-04-03T06:00:00Z",
    "weatherSymbol": "partlycloudy_night",
    "wind": 2.2,
  },
  {
    "precipitation": 0,
    "temperature": 6.6,
    "timeFrom": "2025-04-03T06:00:00Z",
    "timeTo": "2025-04-03T12:00:00Z",
    "weatherSymbol": "cloudy",
    "wind": 2.5,
  },
  {
    "precipitation": 0,
    "temperature": 15.9,
    "timeFrom": "2025-04-03T12:00:00Z",
    "timeTo": "2025-04-03T18:00:00Z",
    "weatherSymbol": "fair_day",
    "wind": 3.4,
  },
  {
    "precipitation": 0,
    "temperature": 12,
    "timeFrom": "2025-04-03T18:00:00Z",
    "timeTo": "2025-04-04T00:00:00Z",
    "weatherSymbol": "fair_night",
    "wind": 3.1,
  },
  {
    "precipitation": 0,
    "temperature": 8,
    "timeFrom": "2025-04-04T00:00:00Z",
    "timeTo": "2025-04-04T06:00:00Z",
    "weatherSymbol": "fair_night",
    "wind": 3.4,
  },
  {
    "precipitation": 0,
    "temperature": 5.8,
    "timeFrom": "2025-04-04T06:00:00Z",
    "timeTo": "2025-04-04T12:00:00Z",
    "weatherSymbol": "fair_day",
    "wind": 3.6,
  },
  {
    "precipitation": 0,
    "temperature": 12.7,
    "timeFrom": "2025-04-04T12:00:00Z",
    "timeTo": "2025-04-04T18:00:00Z",
    "weatherSymbol": "cloudy",
    "wind": 4.8,
  },
  {
    "precipitation": 0,
    "temperature": 7.8,
    "timeFrom": "2025-04-04T18:00:00Z",
    "timeTo": "2025-04-05T00:00:00Z",
    "weatherSymbol": "cloudy",
    "wind": 3.6,
  },
  {
    "precipitation": 0,
    "temperature": 5.6,
    "timeFrom": "2025-04-05T00:00:00Z",
    "timeTo": "2025-04-05T06:00:00Z",
    "weatherSymbol": "fair_night",
    "wind": 4,
  },
  {
    "precipitation": 0,
    "temperature": 3,
    "timeFrom": "2025-04-05T06:00:00Z",
    "timeTo": "2025-04-05T12:00:00Z",
    "weatherSymbol": "clearsky_day",
    "wind": 4.7,
  },
  {
    "precipitation": 0,
    "temperature": 7.1,
    "timeFrom": "2025-04-05T12:00:00Z",
    "timeTo": "2025-04-05T18:00:00Z",
    "weatherSymbol": "partlycloudy_day",
    "wind": 5.3,
  },
  {
    "precipitation": 0,
    "temperature": 6,
    "timeFrom": "2025-04-05T18:00:00Z",
    "timeTo": "2025-04-06T00:00:00Z",
    "weatherSymbol": "cloudy",
    "wind": 3.4,
  },
  {
    "precipitation": 0,
    "temperature": 3.2,
    "timeFrom": "2025-04-06T00:00:00Z",
    "timeTo": undefined,
    "weatherSymbol": "clearsky_night",
    "wind": 3.7,
  },
]
`;
